Java HotSpot(TM) 64-Bit Server VM (25.281-b09) for windows-amd64 JRE (1.8.0_281-b09), built on Dec  9 2020 13:54:07 by "" with MS VC++ 15.9 (VS2017)
Memory: 4k page, physical 11009008k(5476184k free), swap 12712944k(6210672k free)
CommandLine flags: -XX:CompressedClassSpaceSize=260046848 -XX:GCLogFileSize=3145728 -XX:InitialHeapSize=1073741824 -XX:MaxHeapSize=1073741824 -XX:MaxMetaspaceSize=268435456 -XX:MetaspaceSize=100663296 -XX:NumberOfGCLogFiles=5 -XX:+PrintGC -XX:+PrintGCDateStamps -XX:+PrintGCDetails -XX:+PrintGCTimeStamps -XX:-TraceClassUnloading -XX:+UseCompressedClassPointers -XX:+UseCompressedOops -XX:+UseGCLogFileRotation -XX:-UseLargePagesIndividualAllocation -XX:+UseParallelGC 
2021-10-09T22:45:30.425-0500: 1.280: [GC (Allocation Failure) [PSYoungGen: 262144K->19277K(305664K)] 262144K->19293K(1005056K), 0.0159207 secs] [Times: user=0.05 sys=0.02, real=0.02 secs] 
2021-10-09T22:45:31.564-0500: 2.414: [GC (Allocation Failure) [PSYoungGen: 281421K->31055K(305664K)] 281437K->31079K(1005056K), 0.0373095 secs] [Times: user=0.09 sys=0.01, real=0.04 secs] 
2021-10-09T22:45:33.814-0500: 4.662: [GC (Allocation Failure) [PSYoungGen: 293199K->43494K(305664K)] 293223K->65168K(1005056K), 0.0419144 secs] [Times: user=0.06 sys=0.02, real=0.03 secs] 
2021-10-09T22:45:35.719-0500: 6.579: [GC (Allocation Failure) [PSYoungGen: 305638K->43505K(305664K)] 327312K->98504K(1005056K), 0.0441695 secs] [Times: user=0.16 sys=0.03, real=0.05 secs] 
2021-10-09T22:45:36.531-0500: 7.379: [GC (Metadata GC Threshold) [PSYoungGen: 134346K->43490K(305664K)] 189345K->117943K(1005056K), 0.0360006 secs] [Times: user=0.08 sys=0.00, real=0.03 secs] 
2021-10-09T22:45:36.556-0500: 7.415: [Full GC (Metadata GC Threshold) [PSYoungGen: 43490K->0K(305664K)] [ParOldGen: 74452K->93932K(699392K)] 117943K->93932K(1005056K), [Metaspace: 89269K->89250K(1132544K)], 0.2130344 secs] [Times: user=0.59 sys=0.05, real=0.22 secs] 
2021-10-09T22:45:49.292-0500: 20.157: [GC (Allocation Failure) [PSYoungGen: 262144K->43495K(197120K)] 356076K->162064K(896512K), 0.0364802 secs] [Times: user=0.08 sys=0.00, real=0.03 secs] 
2021-10-09T22:45:50.134-0500: 20.997: [GC (Allocation Failure) [PSYoungGen: 197095K->91782K(245760K)] 315664K->210360K(945152K), 0.0359076 secs] [Times: user=0.08 sys=0.00, real=0.03 secs] 
2021-10-09T22:46:21.137-0500: 52.019: [GC (Allocation Failure) [PSYoungGen: 245382K->61446K(241664K)] 363960K->180032K(941056K), 0.0404509 secs] [Times: user=0.14 sys=0.00, real=0.04 secs] 
2021-10-09T22:46:47.932-0500: 78.825: [GC (Allocation Failure) [PSYoungGen: 199686K->45011K(243712K)] 318272K->163604K(943104K), 0.0698524 secs] [Times: user=0.20 sys=0.00, real=0.07 secs] 
2021-10-09T22:48:08.166-0500: 159.092: [GC (Allocation Failure) [PSYoungGen: 183251K->36142K(246784K)] 301844K->154743K(946176K), 0.0192155 secs] [Times: user=0.08 sys=0.00, real=0.03 secs] 
2021-10-09T22:48:08.540-0500: 159.468: [GC (Allocation Failure) [PSYoungGen: 179486K->47620K(245760K)] 298087K->166229K(945152K), 0.0320144 secs] [Times: user=0.13 sys=0.00, real=0.03 secs] 
2021-10-09T22:48:09.478-0500: 160.406: [GC (Allocation Failure) [PSYoungGen: 190980K->50815K(253952K)] 309589K->169432K(953344K), 0.0243278 secs] [Times: user=0.13 sys=0.00, real=0.03 secs] 
2021-10-09T22:48:10.213-0500: 161.127: [GC (Allocation Failure) [PSYoungGen: 205951K->95227K(250368K)] 324568K->216579K(949760K), 0.0450100 secs] [Times: user=0.09 sys=0.00, real=0.03 secs] 
2021-10-09T22:48:10.975-0500: 161.901: [GC (Allocation Failure) [PSYoungGen: 250363K->98800K(215552K)] 371715K->244961K(914944K), 0.0502435 secs] [Times: user=0.09 sys=0.06, real=0.06 secs] 
2021-10-09T22:48:27.414-0500: 178.330: [GC (Allocation Failure) [PSYoungGen: 215536K->53844K(232960K)] 361697K->212839K(932352K), 0.0862911 secs] [Times: user=0.23 sys=0.00, real=0.09 secs] 
2021-10-09T22:55:01.759-0500: 572.679: [GC (Allocation Failure) [PSYoungGen: 170580K->35299K(232960K)] 329575K->205488K(932352K), 0.0419121 secs] [Times: user=0.09 sys=0.00, real=0.04 secs] 
2021-10-09T23:11:01.002-0500: 1531.916: [GC (Allocation Failure) [PSYoungGen: 152035K->14881K(232960K)] 322224K->203279K(932352K), 0.0271004 secs] [Times: user=0.13 sys=0.00, real=0.03 secs] 
2021-10-09T23:11:02.299-0500: 1533.213: [GC (Allocation Failure) [PSYoungGen: 131617K->21300K(232960K)] 320015K->215197K(932352K), 0.0199847 secs] [Times: user=0.06 sys=0.00, real=0.01 secs] 
2021-10-09T23:11:02.611-0500: 1533.520: [GC (Allocation Failure) [PSYoungGen: 138016K->21541K(232960K)] 331914K->215894K(932352K), 0.0152319 secs] [Times: user=0.02 sys=0.01, real=0.02 secs] 
2021-10-09T23:11:03.611-0500: 1534.520: [GC (Allocation Failure) [PSYoungGen: 138277K->15303K(232960K)] 332630K->220663K(932352K), 0.0342776 secs] [Times: user=0.13 sys=0.00, real=0.03 secs] 
2021-10-09T23:11:04.283-0500: 1535.199: [GC (Allocation Failure) [PSYoungGen: 132039K->17131K(232960K)] 337399K->229920K(932352K), 0.0244946 secs] [Times: user=0.09 sys=0.00, real=0.03 secs] 
2021-10-09T23:11:04.768-0500: 1535.683: [GC (Allocation Failure) [PSYoungGen: 133867K->62440K(232960K)] 346656K->285969K(932352K), 0.0292705 secs] [Times: user=0.06 sys=0.02, real=0.03 secs] 
2021-10-09T23:11:05.299-0500: 1536.206: [GC (Allocation Failure) [PSYoungGen: 179176K->74606K(232960K)] 402705K->304438K(932352K), 0.0350788 secs] [Times: user=0.03 sys=0.00, real=0.03 secs] 
2021-10-09T23:11:11.995-0500: 1542.898: [GC (Metadata GC Threshold) [PSYoungGen: 105844K->2094K(232960K)] 335676K->235750K(932352K), 0.0263373 secs] [Times: user=0.02 sys=0.00, real=0.03 secs] 
2021-10-09T23:11:12.021-0500: 1542.925: [Full GC (Metadata GC Threshold) [PSYoungGen: 2094K->0K(232960K)] [ParOldGen: 233656K->105174K(699392K)] 235750K->105174K(932352K), [Metaspace: 151832K->151150K(1189888K)], 0.6658427 secs] [Times: user=1.59 sys=0.00, real=0.67 secs] 
2021-10-09T23:11:42.876-0500: 1573.780: [GC (Allocation Failure) [PSYoungGen: 116736K->5358K(232960K)] 221910K->110541K(932352K), 0.0158414 secs] [Times: user=0.05 sys=0.00, real=0.01 secs] 
2021-10-09T23:26:04.414-0500: 2435.314: [GC (Allocation Failure) [PSYoungGen: 122094K->2389K(232960K)] 227277K->111914K(932352K), 0.0100721 secs] [Times: user=0.03 sys=0.00, real=0.02 secs] 
2021-10-09T23:26:05.180-0500: 2436.073: [GC (Allocation Failure) [PSYoungGen: 119125K->22246K(232960K)] 228650K->132886K(932352K), 0.0120803 secs] [Times: user=0.02 sys=0.00, real=0.01 secs] 
2021-10-09T23:26:05.492-0500: 2436.393: [GC (Allocation Failure) [PSYoungGen: 138982K->13873K(240640K)] 249622K->130941K(940032K), 0.0323506 secs] [Times: user=0.11 sys=0.00, real=0.03 secs] 
2021-10-09T23:26:07.086-0500: 2437.978: [GC (Allocation Failure) [PSYoungGen: 141873K->17909K(236544K)] 258941K->139845K(935936K), 0.0197556 secs] [Times: user=0.02 sys=0.00, real=0.02 secs] 
2021-10-09T23:26:07.915-0500: 2438.812: [GC (Allocation Failure) [PSYoungGen: 145909K->41619K(248832K)] 267845K->173411K(948224K), 0.0268124 secs] [Times: user=0.06 sys=0.02, real=0.03 secs] 
2021-10-09T23:26:08.492-0500: 2439.384: [GC (Allocation Failure) [PSYoungGen: 187027K->74999K(220672K)] 318819K->214412K(920064K), 0.0418723 secs] [Times: user=0.11 sys=0.00, real=0.03 secs] 
2021-10-09T23:26:31.478-0500: 2462.366: [GC (Allocation Failure) [PSYoungGen: 220407K->28595K(245760K)] 359820K->177422K(945152K), 0.0352703 secs] [Times: user=0.05 sys=0.00, real=0.03 secs] 
